<html>
<body>
<pre>
<h1>礦ision Build Log</h1>
<h2>Tool Versions:</h2>
IDE-Version: μVision V5.14.1
Copyright (C) 2015 ARM Ltd and ARM Germany GmbH. All rights reserved.
License Information: Cortex-M3, 皇府密室工厂, LIC=NQQMM-XJ9D8-VEDHA-1DIV9-5CIL0-NIJNH
 
Tool Versions:
Toolchain:       MDK-ARM Standard  Version: 5.15.0
Toolchain Path:  C:\softward\keil5\ARM\ARMCC\Bin
C Compiler:      Armcc.exe V5.05 update 2 (build 169)
Assembler:       Armasm.exe V5.05 update 2 (build 169)
Linker/Locator:  ArmLink.exe V5.05 update 2 (build 169)
Library Manager: ArmAr.exe V5.05 update 2 (build 169)
Hex Converter:   FromElf.exe V5.05 update 2 (build 169)
CPU DLL:         SARMCM3.DLL V5.15.0
Dialog DLL:      DARMSTM.DLL V1.65.0.0
Target DLL:      CMSIS_AGDI.dll V1.21.12.0
Dialog DLL:      TARMSTM.DLL V1.64.0.0
 
<h2>Project:</h2>
D:\工作室\密室\密室新系统\第五版系统\powerbus版\模块包\模块程序\powerbus版主机程序\3_PROJECT\MDK_ARM\MDK_ARM.uvprojx
Project File Date:  04/03/2022

<h2>Output:</h2>
*** Using Compiler 'V5.05 update 2 (build 169)', folder: 'C:\softward\keil5\ARM\ARMCC\Bin'
Rebuild target 'TEMPLATE'
assembling startup_stm32f10x_hd.s...
compiling core_cm3.c...
compiling main.c...
compiling stm32f10x_it.c...
compiling system_stm32f10x.c...
compiling stm32f10x_gpio.c...
compiling stm32f10x_rcc.c...
compiling stm32f10x_can.c...
compiling stm32f10x_flash.c...
compiling stm32f10x_tim.c...
compiling stm32f10x_usart.c...
compiling misc.c...
compiling GPIO_Funation.c...
compiling NVIC_Funation.c...
compiling TIM_Funation.c...
compiling USART_Funation.c...
compiling FLISH_Funation.c...
compiling ZongZhiXin.c...
compiling CRC_Funation.c...
linking...
Program Size: Code=9884 RO-data=61796 RW-data=140 ZI-data=26420  
FromELF: creating hex file...
".\MDK_ARM.axf" - 0 Error(s), 0 Warning(s).

<h2>Collection of Component include folders:</h2>
  D:\工作室\密室\密室新系统\第五版系统\powerbus版\模块包\模块程序\powerbus版主机程序\3_PROJECT\MDK_ARM\RTE
  C:\softward\keil5\ARM\PACK\Keil\STM32F1xx_DFP\2.3.0\Device\Include

<h2>Collection of Component Files used:</h2>
</pre>
</body>
</html>
